Archive member included because of file (symbol)

../../..//mcu/libfitkit/build\libfitkit_f1xx.a(fitkitlib_f1xx.o)
                              build/mcu/main_f1xx.o (initialize_hardware)
../../..//mcu/libfitkit/build\libfitkit_f1xx.a(flash_f1xx.o)
                              ../../..//mcu/libfitkit/build\libfitkit_f1xx.a(fitkitlib_f1xx.o) (flash_init)
../../..//mcu/libfitkit/build\libfitkit_f1xx.a(flash_fpga_f1xx.o)
                              ../../..//mcu/libfitkit/build\libfitkit_f1xx.a(fitkitlib_f1xx.o) (FPGAConfig_init)
../../..//mcu/libfitkit/build\libfitkit_f1xx.a(fpga_f1xx.o)
                              ../../..//mcu/libfitkit/build\libfitkit_f1xx.a(fitkitlib_f1xx.o) (FPGA_init)
../../..//mcu/libfitkit/build\libfitkit_f1xx.a(globfun_f1xx.o)
                              ../../..//mcu/libfitkit/build\libfitkit_f1xx.a(flash_f1xx.o) (long2str)
../../..//mcu/libfitkit/build\libfitkit_f1xx.a(spi_f1xx.o)
                              ../../..//mcu/libfitkit/build\libfitkit_f1xx.a(fitkitlib_f1xx.o) (SPI_Init)
../../..//mcu/libfitkit/build\libfitkit_f1xx.a(terminal_f1xx.o)
                              ../../..//mcu/libfitkit/build\libfitkit_f1xx.a(fitkitlib_f1xx.o) (terminal_init)
../../..//mcu/libfitkit/build\libfitkit_f1xx.a(timer_b_f1xx.o)
                              ../../..//mcu/libfitkit/build\libfitkit_f1xx.a(fitkitlib_f1xx.o) (timerb_init)
../../..//mcu/libfitkit/build\libfitkit_f1xx.a(uart_f1xx.o)
                              ../../..//mcu/libfitkit/build\libfitkit_f1xx.a(terminal_f1xx.o) (serial_init)
../../..//mcu/libfitkit/build\libfitkit_f1xx.a(filetransfer_f1xx.o)
                              ../../..//mcu/libfitkit/build\libfitkit_f1xx.a(fitkitlib_f1xx.o) (SPI_WriteFile)
../../..//mcu/libfitkit/build\libfitkit_f1xx.a(cmd_f1xx.o)
                              ../../..//mcu/libfitkit/build\libfitkit_f1xx.a(terminal_f1xx.o) (term_cmd_clear)
C:\Program Files\mspgcc\bin\..\lib\gcc-lib\msp430\3.2.3\libgcc.a(__stop_progExec__.o)
                              build/mcu/main_f1xx.o (__stop_progExec__)
C:\Program Files\mspgcc\bin\..\lib\gcc-lib\msp430\3.2.3\libgcc.a(_mulsi3hw.o)
                              ../../..//mcu/libfitkit/build\libfitkit_f1xx.a(flash_f1xx.o) (__umulsi3hw)
C:\Program Files\mspgcc\bin\..\lib\gcc-lib\msp430\3.2.3\libgcc.a(_udivmodhi4.o)
                              build/mcu/main_f1xx.o (__udivmodhi4)
C:\Program Files\mspgcc\bin\..\lib\gcc-lib\msp430\3.2.3\libgcc.a(_divmodhi4.o)
                              build/mcu/main_f1xx.o (__divmodhi4)
C:\Program Files\mspgcc\bin\..\lib\gcc-lib\msp430\3.2.3\libgcc.a(_udivmodsi4.o)
                              ../../..//mcu/libfitkit/build\libfitkit_f1xx.a(flash_f1xx.o) (__udivmodsi4)
C:\Program Files\mspgcc\bin\..\lib\gcc-lib\msp430\3.2.3\libgcc.a(_divmodsi4.o)
                              ../../..//mcu/libfitkit/build\libfitkit_f1xx.a(flash_f1xx.o) (__divmodsi4)
C:\Program Files\mspgcc\bin\..\lib\gcc-lib\msp430\3.2.3\libgcc.a(_reset_vector__.o)
                              C:\Program Files\mspgcc\bin\..\lib\gcc-lib\msp430\3.2.3\..\..\..\..\msp430\lib\crt430x168.o (_reset_vector__)
C:\Program Files\mspgcc\bin\..\lib\gcc-lib\msp430\3.2.3\libgcc.a(__low_level_init.o)
                              C:\Program Files\mspgcc\bin\..\lib\gcc-lib\msp430\3.2.3\libgcc.a(_reset_vector__.o) (__low_level_init)
C:\Program Files\mspgcc\bin\..\lib\gcc-lib\msp430\3.2.3\libgcc.a(_copy_data.o)
                              C:\Program Files\mspgcc\bin\..\lib\gcc-lib\msp430\3.2.3\libgcc.a(_reset_vector__.o) (__do_copy_data)
C:\Program Files\mspgcc\bin\..\lib\gcc-lib\msp430\3.2.3\libgcc.a(_clear_bss.o)
                              C:\Program Files\mspgcc\bin\..\lib\gcc-lib\msp430\3.2.3\libgcc.a(_reset_vector__.o) (__do_clear_bss)
C:\Program Files\mspgcc\bin\..\lib\gcc-lib\msp430\3.2.3\libgcc.a(__jump_to_main.o)
                              C:\Program Files\mspgcc\bin\..\lib\gcc-lib\msp430\3.2.3\libgcc.a(_reset_vector__.o) (__jump_to_main)
C:\Program Files\mspgcc\bin\..\lib\gcc-lib\msp430\3.2.3\..\..\..\..\msp430\lib\libc.a(malloc.o)
                              build/mcu/main_f1xx.o (malloc)
C:\Program Files\mspgcc\bin\..\lib\gcc-lib\msp430\3.2.3\..\..\..\..\msp430\lib\libc.a(sprintf.o)
                              build/mcu/main_f1xx.o (sprintf)
C:\Program Files\mspgcc\bin\..\lib\gcc-lib\msp430\3.2.3\..\..\..\..\msp430\lib\libc.a(vsprintf.o)
                              C:\Program Files\mspgcc\bin\..\lib\gcc-lib\msp430\3.2.3\..\..\..\..\msp430\lib\libc.a(sprintf.o) (vsprintf)
C:\Program Files\mspgcc\bin\..\lib\gcc-lib\msp430\3.2.3\..\..\..\..\msp430\lib\libc.a(vuprintf.o)
                              C:\Program Files\mspgcc\bin\..\lib\gcc-lib\msp430\3.2.3\..\..\..\..\msp430\lib\libc.a(vsprintf.o) (vuprintf)
C:\Program Files\mspgcc\bin\..\lib\gcc-lib\msp430\3.2.3\..\..\..\..\msp430\lib\libc.a(memchr.o)
                              C:\Program Files\mspgcc\bin\..\lib\gcc-lib\msp430\3.2.3\..\..\..\..\msp430\lib\libc.a(vuprintf.o) (memchr)
C:\Program Files\mspgcc\bin\..\lib\gcc-lib\msp430\3.2.3\..\..\..\..\msp430\lib\libc.a(isdigit.o)
                              ../../..//mcu/libfitkit/build\libfitkit_f1xx.a(globfun_f1xx.o) (isdigit)
C:\Program Files\mspgcc\bin\..\lib\gcc-lib\msp430\3.2.3\..\..\..\..\msp430\lib\libc.a(strlen.o)
                              build/mcu/display_f1xx.o (strlen)

Allocating common symbols
Common symbol       size              file

BreakFlag           0x1               ../../..//mcu/libfitkit/build\libfitkit_f1xx.a(uart_f1xx.o)
TransmitNum         0x1               ../../..//mcu/libfitkit/build\libfitkit_f1xx.a(uart_f1xx.o)
snake               0x80              build/mcu/main_f1xx.o
last_ch             0x1               build/mcu/main_f1xx.o
index_buf           0x1               build/mcu/keyboard_f1xx.o
Cmd_Old             0x1               ../../..//mcu/libfitkit/build\libfitkit_f1xx.a(terminal_f1xx.o)
cb_fun              0x2               ../../..//mcu/libfitkit/build\libfitkit_f1xx.a(filetransfer_f1xx.o)
lcd_shift_addr      0x2               build/mcu/display_f1xx.o
ReceiveNum          0x2               ../../..//mcu/libfitkit/build\libfitkit_f1xx.a(uart_f1xx.o)
lcd_cursor_addr     0x2               build/mcu/display_f1xx.o
char_cnt            0x1               build/mcu/main_f1xx.o
bit                 0x2               build/mcu/main_f1xx.o
cb_buf              0x2               ../../..//mcu/libfitkit/build\libfitkit_f1xx.a(filetransfer_f1xx.o)
CMD_Long            0x4               ../../..//mcu/libfitkit/build\libfitkit_f1xx.a(cmd_f1xx.o)
keyboard_buffer     0x14              build/mcu/keyboard_f1xx.o
CountPage           0x2               ../../..//mcu/libfitkit/build\libfitkit_f1xx.a(flash_f1xx.o)
ReceiveBuf          0x7f              ../../..//mcu/libfitkit/build\libfitkit_f1xx.a(uart_f1xx.o)
head                0x80              build/mcu/main_f1xx.o
ReceiveIndexRec     0x2               ../../..//mcu/libfitkit/build\libfitkit_f1xx.a(uart_f1xx.o)
TransmitBuf         0x64              ../../..//mcu/libfitkit/build\libfitkit_f1xx.a(uart_f1xx.o)
ErrorFlag           0x1               ../../..//mcu/libfitkit/build\libfitkit_f1xx.a(uart_f1xx.o)
ReceiveIndex        0x2               ../../..//mcu/libfitkit/build\libfitkit_f1xx.a(uart_f1xx.o)
matrix              0x80              build/mcu/main_f1xx.o
TransmitIndexSend   0x1               ../../..//mcu/libfitkit/build\libfitkit_f1xx.a(uart_f1xx.o)
TypeBufferFlash     0x1               ../../..//mcu/libfitkit/build\libfitkit_f1xx.a(flash_f1xx.o)
TransmitIndex       0x1               ../../..//mcu/libfitkit/build\libfitkit_f1xx.a(uart_f1xx.o)
PomRS232            0x1               ../../..//mcu/libfitkit/build\libfitkit_f1xx.a(uart_f1xx.o)
AdrBufferFlash      0x2               ../../..//mcu/libfitkit/build\libfitkit_f1xx.a(flash_f1xx.o)
CMDStr              0x19              ../../..//mcu/libfitkit/build\libfitkit_f1xx.a(cmd_f1xx.o)
Cmd                 0x1               ../../..//mcu/libfitkit/build\libfitkit_f1xx.a(terminal_f1xx.o)
write_index_buf     0x1               build/mcu/keyboard_f1xx.o
chars_in_buf        0x1               build/mcu/keyboard_f1xx.o
CMDStrLen           0x1               ../../..//mcu/libfitkit/build\libfitkit_f1xx.a(cmd_f1xx.o)

Memory Configuration

Name             Origin             Length             Attributes
text             0x00004000         0x0000bfe0         xr
data             0x00000200         0x00000800         xrw
vectors          0x0000ffe0         0x00000020         rw
bootloader       0x00000c00         0x00000400         xr
infomem          0x00001000         0x00000100         xr
infomemnobits    0x00001000         0x00000100         xr
*default*        0x00000000         0xffffffff

Linker script and memory map

LOAD C:\Program Files\mspgcc\bin\..\lib\gcc-lib\msp430\3.2.3\..\..\..\..\msp430\lib\crt430x168.o
LOAD build/mcu/keyboard_f1xx.o
LOAD build/mcu/display_f1xx.o
LOAD build/mcu/main_f1xx.o
LOAD ../../..//mcu/libfitkit/build\libfitkit_f1xx.a
LOAD C:\Program Files\mspgcc\bin\..\lib\gcc-lib\msp430\3.2.3\libgcc.a
LOAD C:\Program Files\mspgcc\bin\..\lib\gcc-lib\msp430\3.2.3\..\..\..\..\msp430\lib\libc.a
LOAD C:\Program Files\mspgcc\bin\..\lib\gcc-lib\msp430\3.2.3\libgcc.a

.hash
 *(.hash)

.dynsym
 *(.dynsym)

.dynstr
 *(.dynstr)

.gnu.version
 *(.gnu.version)

.gnu.version_d
 *(.gnu.version_d)

.gnu.version_r
 *(.gnu.version_r)

.rel.init
 *(.rel.init)

.rela.init
 *(.rela.init)

.rel.text
 *(.rel.text)
 *(.rel.text.*)
 *(.rel.gnu.linkonce.t*)

.rela.text
 *(.rela.text)
 *(.rela.text.*)
 *(.rela.gnu.linkonce.t*)

.rel.fini
 *(.rel.fini)

.rela.fini
 *(.rela.fini)

.rel.rodata
 *(.rel.rodata)
 *(.rel.rodata.*)
 *(.rel.gnu.linkonce.r*)

.rela.rodata
 *(.rela.rodata)
 *(.rela.rodata.*)
 *(.rela.gnu.linkonce.r*)

.rel.data
 *(.rel.data)
 *(.rel.data.*)
 *(.rel.gnu.linkonce.d*)

.rela.data
 *(.rela.data)
 *(.rela.data.*)
 *(.rela.gnu.linkonce.d*)

.rel.ctors
 *(.rel.ctors)

.rela.ctors
 *(.rela.ctors)

.rel.dtors
 *(.rel.dtors)

.rela.dtors
 *(.rela.dtors)

.rel.got
 *(.rel.got)

.rela.got
 *(.rela.got)

.rel.bss
 *(.rel.bss)

.rela.bss
 *(.rela.bss)

.rel.plt
 *(.rel.plt)

.rela.plt
 *(.rela.plt)

.text           0x00004000     0x62a4
                0x00004000                . = ALIGN (0x2)
 *(.init)
 *(.init)
 *(.init0)
 .init0         0x00004000        0x0 C:\Program Files\mspgcc\bin\..\lib\gcc-lib\msp430\3.2.3\libgcc.a(_reset_vector__.o)
                0x00004000                _reset_vector__
 *(.init0)
 *(.init1)
 *(.init1)
 *(.init2)
 *(.init2)
 *(.init3)
 .init3         0x00004000        0x6 C:\Program Files\mspgcc\bin\..\lib\gcc-lib\msp430\3.2.3\libgcc.a(__low_level_init.o)
                0x00004000                __low_level_init
 *(.init3)
 *(.init4)
 .init4         0x00004006       0x12 C:\Program Files\mspgcc\bin\..\lib\gcc-lib\msp430\3.2.3\libgcc.a(_copy_data.o)
                0x00004006                __do_copy_data
 .init4         0x00004018       0x10 C:\Program Files\mspgcc\bin\..\lib\gcc-lib\msp430\3.2.3\libgcc.a(_clear_bss.o)
                0x00004018                __do_clear_bss
 *(.init4)
 *(.init5)
 *(.init5)
 *(.init6)
 *(.init6)
 *(.init7)
 *(.init7)
 *(.init8)
 *(.init8)
 *(.init9)
 .init9         0x00004028        0x4 C:\Program Files\mspgcc\bin\..\lib\gcc-lib\msp430\3.2.3\libgcc.a(__jump_to_main.o)
                0x00004028                __jump_to_main
 *(.init9)
                0x0000402c                __ctors_start = .
 *(.ctors)
 *(.ctors)
                0x0000402c                __ctors_end = .
                0x0000402c                __dtors_start = .
 *(.dtors)
 *(.dtors)
                0x0000402c                __dtors_end = .
                0x0000402c                . = ALIGN (0x2)
 *(.text)
 .text          0x0000402c        0x6 C:\Program Files\mspgcc\bin\..\lib\gcc-lib\msp430\3.2.3\..\..\..\..\msp430\lib\crt430x168.o
                0x0000402c                _unexpected_1_
                0x0000402c                vector_ffe0
                0x0000402c                vector_ffec
                0x0000402c                vector_fffc
                0x0000402c                vector_ffe4
                0x0000402c                vector_ffe2
                0x0000402c                vector_ffe8
                0x00004030                _unexpected_
                0x0000402c                vector_fffa
                0x0000402c                vector_ffee
                0x0000402c                vector_fff4
                0x0000402c                vector_fff8
                0x0000402c                vector_ffe6
                0x0000402c                vector_fff6
                0x0000402c                vector_ffea
 .text          0x00004032      0x1aa build/mcu/keyboard_f1xx.o
                0x00004074                keyboard_handle_interrupt
                0x000040c2                key_decode
                0x00004032                keyboard_get_char
 .text          0x000041dc      0x280 build/mcu/display_f1xx.o
                0x00004238                LCD_clear
                0x0000442c                LCD_rotate
                0x0000426a                LCD_init
                0x000043a6                LCD_write_string
                0x000042b4                LCD_load_char
                0x00004296                LCD_char2dis
                0x00004324                LCD_append_char
                0x000043ca                LCD_append_string
                0x000041dc                LCD_send_cmd
 .text          0x0000445c     0x10aa build/mcu/main_f1xx.o
                0x00004466                keyboard_idle
                0x00004b30                print
                0x000044a4                random
                0x0000456c                decode_user_cmd
                0x000045a0                display
                0x00004aac                gen_food
                0x000046be                gen_had
                0x0000445c                print_user_help
                0x00004b90                main
                0x0000458e                fpga_initialized
 .text          0x00005506      0x406 ../../..//mcu/libfitkit/build\libfitkit_f1xx.a(fitkitlib_f1xx.o)
                0x00005532                clock_system_init
                0x00005506                delay_cycle
                0x00005574                smclk_stop
                0x000055f8                fpga_configure_from_flash
                0x000057ec                initialize_hardware_
                0x000058fc                initialize_hardware
                0x000056f6                fpga_configure_from_mcu
 .text          0x0000590c     0x1448 ../../..//mcu/libfitkit/build\libfitkit_f1xx.a(flash_f1xx.o)
                0x000069e2                FLASH_Dump_Page
                0x000068ce                FLASH_EraseAll
                0x00006262                FLASH_ReadDataBuffer
                0x00006822                FLASH_ErasePage
                0x00005d06                FLASH_print_status
                0x00006986                FLASH_Dump_Block
                0x00006a92                FLASH_Dump_Adr
                0x00005a04                flash_init
                0x00006878                FLASH_EraseBlock
                0x00006450                FLASH_ReadDataA
                0x000061d2                FLASH_WriteDataBuffer
                0x00005b00                FLASH_availablepages
                0x000063e6                FLASH_isPageBlank
                0x00005be0                FLASH_IsReady
                0x00005b6e                FLASH_blocks
                0x0000590c                FLASH_PageToAddr
                0x00006106                FLASH_WriteToBuffer
                0x00006754                FLASH_WriteByte
                0x00006378                FLASH_ReadData_Finalize
                0x0000654a                FLASH_ReadMemoryBuffer
                0x00005b88                FLASH_size
                0x00006936                FLASH_Dump_All
                0x0000593e                flash_init_
                0x000064d4                FLASH_WriteBufferMemory
                0x000062fe                FLASH_ReadData_Initialize
                0x00006386                FLASH_ReadData
                0x000067f8                FLASH_EraseByte
                0x00005bae                FLASH_ReadStatus
                0x000065ce                FLASH_ProgFPGA
 .text          0x00006d54      0x418 ../../..//mcu/libfitkit/build\libfitkit_f1xx.a(flash_fpga_f1xx.o)
                0x00006d54                delay_cycle_
                0x00006f00                FPGAConfig_finalize
                0x00006f52                FPGAConfig_detect_fpga
                0x00006e1a                FPGAConfig_initialize
                0x00006d80                FPGAConfig_init
 .text          0x0000716c      0x290 ../../..//mcu/libfitkit/build\libfitkit_f1xx.a(fpga_f1xx.o)
                0x000071a2                FPGA_SPI_RW_A8_D8
                0x000071f2                FPGA_SPI_RW_A8_D16
                0x00007306                FPGA_SPI_RW_AN_DN
                0x00007268                FPGA_SPI_RW_A8_DN
                0x0000716c                FPGA_init
                0x0000717e                FPGA_reset
 .text          0x000073fc      0x706 ../../..//mcu/libfitkit/build\libfitkit_f1xx.a(globfun_f1xx.o)
                0x000073fc                chr2bin
                0x0000750e                chr2digit
                0x000074b6                chr2hex
                0x000078b0                strrev
                0x00007640                str2long
                0x00007710                str2long_2x
                0x0000758a                hex2chr
                0x0000746a                digit2chr
                0x0000791c                strupper
                0x000079b2                long2str
                0x000075de                rchr
 .text          0x00007b02       0xbe ../../..//mcu/libfitkit/build\libfitkit_f1xx.a(spi_f1xx.o)
                0x00007b44                SPI_Close
                0x00007b64                SPI_read_wait_write
                0x00007b94                SPI_write_wait_read
                0x00007b02                SPI_Init
 .text          0x00007bc0      0x926 ../../..//mcu/libfitkit/build\libfitkit_f1xx.a(terminal_f1xx.o)
                0x00007be4                terminal_init
                0x00007ef0                terminal_idle_cb
                0x000084d6                terminal_idle
 .text          0x000084e6       0xdc ../../..//mcu/libfitkit/build\libfitkit_f1xx.a(timer_b_f1xx.o)
                0x000084e6                timerb_init
                0x000084fc                delay_ms
 .text          0x000085c2      0x3fc ../../..//mcu/libfitkit/build\libfitkit_f1xx.a(uart_f1xx.o)
                0x00008710                term_send_str
                0x00008914                TxintrRS232
                0x0000874e                term_send_num
                0x00008790                term_send_hex
                0x00008956                RxintrRS232
                0x00008914                vector_fff0
                0x00008814                term_rcv_block
                0x000086b0                term_send_char_idle
                0x00008630                serial_close
                0x000088b2                term_rcv_char_t
                0x00008956                vector_fff2
                0x000085c2                serial_init
                0x000086d8                term_send_char_hex
                0x000087d2                term_rcv_char
                0x0000866a                term_send_char
 .text          0x000089be      0x878 ../../..//mcu/libfitkit/build\libfitkit_f1xx.a(filetransfer_f1xx.o)
                0x00008a80                send_header
                0x00008f90                SPI_WriteFile
                0x00008ece                sendPageSPI
                0x00009162                ReceiveFile
                0x00008bee                writePageToFlash
                0x0000902c                FLASH_WriteFile
                0x000089be                serial_rx_timeout
                0x0000908a                cbPage
                0x00008d94                transmittFile
                0x00008a1a                serial_tx_buf
 .text          0x00009236      0x7f2 ../../..//mcu/libfitkit/build\libfitkit_f1xx.a(cmd_f1xx.o)
                0x00009310                term_cmd_decode
                0x00009244                term_cmd_read
                0x00009236                term_cmd_clear
 .text          0x00009a28        0x0 C:\Program Files\mspgcc\bin\..\lib\gcc-lib\msp430\3.2.3\libgcc.a(__stop_progExec__.o)
 .text          0x00009a28        0x0 C:\Program Files\mspgcc\bin\..\lib\gcc-lib\msp430\3.2.3\libgcc.a(_mulsi3hw.o)
 .text          0x00009a28        0x0 C:\Program Files\mspgcc\bin\..\lib\gcc-lib\msp430\3.2.3\libgcc.a(_udivmodhi4.o)
 .text          0x00009a28        0x0 C:\Program Files\mspgcc\bin\..\lib\gcc-lib\msp430\3.2.3\libgcc.a(_divmodhi4.o)
 .text          0x00009a28        0x0 C:\Program Files\mspgcc\bin\..\lib\gcc-lib\msp430\3.2.3\libgcc.a(_udivmodsi4.o)
 .text          0x00009a28        0x0 C:\Program Files\mspgcc\bin\..\lib\gcc-lib\msp430\3.2.3\libgcc.a(_divmodsi4.o)
 .text          0x00009a28        0x0 C:\Program Files\mspgcc\bin\..\lib\gcc-lib\msp430\3.2.3\libgcc.a(_reset_vector__.o)
 .text          0x00009a28        0x0 C:\Program Files\mspgcc\bin\..\lib\gcc-lib\msp430\3.2.3\libgcc.a(__low_level_init.o)
 .text          0x00009a28        0x0 C:\Program Files\mspgcc\bin\..\lib\gcc-lib\msp430\3.2.3\libgcc.a(_copy_data.o)
 .text          0x00009a28        0x0 C:\Program Files\mspgcc\bin\..\lib\gcc-lib\msp430\3.2.3\libgcc.a(_clear_bss.o)
 .text          0x00009a28        0x0 C:\Program Files\mspgcc\bin\..\lib\gcc-lib\msp430\3.2.3\libgcc.a(__jump_to_main.o)
 .text          0x00009a28       0xde C:\Program Files\mspgcc\bin\..\lib\gcc-lib\msp430\3.2.3\..\..\..\..\msp430\lib\libc.a(malloc.o)
                0x00009a28                malloc
                0x00009b00                free
 .text          0x00009b06       0x16 C:\Program Files\mspgcc\bin\..\lib\gcc-lib\msp430\3.2.3\..\..\..\..\msp430\lib\libc.a(sprintf.o)
                0x00009b06                sprintf
 .text          0x00009b1c       0x2a C:\Program Files\mspgcc\bin\..\lib\gcc-lib\msp430\3.2.3\..\..\..\..\msp430\lib\libc.a(vsprintf.o)
                0x00009b2c                vsprintf
 .text          0x00009b46      0x624 C:\Program Files\mspgcc\bin\..\lib\gcc-lib\msp430\3.2.3\..\..\..\..\msp430\lib\libc.a(vuprintf.o)
                0x00009baa                vuprintf
 .text          0x0000a16a       0x24 C:\Program Files\mspgcc\bin\..\lib\gcc-lib\msp430\3.2.3\..\..\..\..\msp430\lib\libc.a(memchr.o)
                0x0000a16a                memchr
 .text          0x0000a18e       0x12 C:\Program Files\mspgcc\bin\..\lib\gcc-lib\msp430\3.2.3\..\..\..\..\msp430\lib\libc.a(isdigit.o)
                0x0000a18e                isdigit
 .text          0x0000a1a0       0x14 C:\Program Files\mspgcc\bin\..\lib\gcc-lib\msp430\3.2.3\..\..\..\..\msp430\lib\libc.a(strlen.o)
                0x0000a1a0                strlen
                0x0000a1b4                . = ALIGN (0x2)
 *(.text.*)
 .text.libgcc   0x0000a1b4        0x0 C:\Program Files\mspgcc\bin\..\lib\gcc-lib\msp430\3.2.3\libgcc.a(__stop_progExec__.o)
 .text.libgcc   0x0000a1b4       0x28 C:\Program Files\mspgcc\bin\..\lib\gcc-lib\msp430\3.2.3\libgcc.a(_mulsi3hw.o)
                0x0000a1b4                __umulsi3hw
 .text.libgcc   0x0000a1dc       0x1c C:\Program Files\mspgcc\bin\..\lib\gcc-lib\msp430\3.2.3\libgcc.a(_udivmodhi4.o)
                0x0000a1dc                __udivmodhi4
 .text.libgcc   0x0000a1f8       0x36 C:\Program Files\mspgcc\bin\..\lib\gcc-lib\msp430\3.2.3\libgcc.a(_divmodhi4.o)
                0x0000a1f8                __divmodhi4
 .text.libgcc   0x0000a22e       0x2a C:\Program Files\mspgcc\bin\..\lib\gcc-lib\msp430\3.2.3\libgcc.a(_udivmodsi4.o)
                0x0000a22e                __udivmodsi4
 .text.libgcc   0x0000a258       0x4a C:\Program Files\mspgcc\bin\..\lib\gcc-lib\msp430\3.2.3\libgcc.a(_divmodsi4.o)
                0x0000a258                __divmodsi4
 .text.libgcc   0x0000a2a2        0x0 C:\Program Files\mspgcc\bin\..\lib\gcc-lib\msp430\3.2.3\libgcc.a(_reset_vector__.o)
 .text.libgcc   0x0000a2a2        0x0 C:\Program Files\mspgcc\bin\..\lib\gcc-lib\msp430\3.2.3\libgcc.a(__low_level_init.o)
 .text.libgcc   0x0000a2a2        0x0 C:\Program Files\mspgcc\bin\..\lib\gcc-lib\msp430\3.2.3\libgcc.a(_copy_data.o)
 .text.libgcc   0x0000a2a2        0x0 C:\Program Files\mspgcc\bin\..\lib\gcc-lib\msp430\3.2.3\libgcc.a(_clear_bss.o)
 .text.libgcc   0x0000a2a2        0x0 C:\Program Files\mspgcc\bin\..\lib\gcc-lib\msp430\3.2.3\libgcc.a(__jump_to_main.o)
                0x0000a2a2                . = ALIGN (0x2)
 *(.fini9)
 .fini9         0x0000a2a2        0x0 C:\Program Files\mspgcc\bin\..\lib\gcc-lib\msp430\3.2.3\libgcc.a(__stop_progExec__.o)
                0x0000a2a2                __stop_progExec__
 *(.fini9)
 *(.fini8)
 *(.fini8)
 *(.fini7)
 *(.fini7)
 *(.fini6)
 *(.fini6)
 *(.fini5)
 *(.fini5)
 *(.fini4)
 *(.fini4)
 *(.fini3)
 *(.fini3)
 *(.fini2)
 *(.fini2)
 *(.fini1)
 *(.fini1)
 *(.fini0)
 .fini0         0x0000a2a2        0x2 C:\Program Files\mspgcc\bin\..\lib\gcc-lib\msp430\3.2.3\libgcc.a(__stop_progExec__.o)
 *(.fini0)
 *(.fini)
 *(.fini)
                0x0000a2a4                _etext = .

.data           0x00000200       0x10 load address 0x0000a2a4
                0x00000200                PROVIDE (__data_start, .)
                0x00000200                . = ALIGN (0x2)
 *(.data)
 .data          0x00000200        0x0 C:\Program Files\mspgcc\bin\..\lib\gcc-lib\msp430\3.2.3\..\..\..\..\msp430\lib\crt430x168.o
 .data          0x00000200        0x0 build/mcu/keyboard_f1xx.o
 .data          0x00000200        0x0 build/mcu/display_f1xx.o
 .data          0x00000200        0x6 build/mcu/main_f1xx.o
                0x00000204                t
                0x00000200                score
                0x00000202                lfsr
 .data          0x00000206        0x4 ../../..//mcu/libfitkit/build\libfitkit_f1xx.a(fitkitlib_f1xx.o)
                0x00000206                FPGA_config_length
 .data          0x0000020a        0x2 ../../..//mcu/libfitkit/build\libfitkit_f1xx.a(flash_f1xx.o)
                0x0000020a                CNT_PAGES
 .data          0x0000020c        0x0 ../../..//mcu/libfitkit/build\libfitkit_f1xx.a(flash_fpga_f1xx.o)
 .data          0x0000020c        0x0 ../../..//mcu/libfitkit/build\libfitkit_f1xx.a(fpga_f1xx.o)
 .data          0x0000020c        0x0 ../../..//mcu/libfitkit/build\libfitkit_f1xx.a(globfun_f1xx.o)
 .data          0x0000020c        0x0 ../../..//mcu/libfitkit/build\libfitkit_f1xx.a(spi_f1xx.o)
 .data          0x0000020c        0x0 ../../..//mcu/libfitkit/build\libfitkit_f1xx.a(terminal_f1xx.o)
 .data          0x0000020c        0x0 ../../..//mcu/libfitkit/build\libfitkit_f1xx.a(timer_b_f1xx.o)
 .data          0x0000020c        0x0 ../../..//mcu/libfitkit/build\libfitkit_f1xx.a(uart_f1xx.o)
 .data          0x0000020c        0x0 ../../..//mcu/libfitkit/build\libfitkit_f1xx.a(filetransfer_f1xx.o)
 .data          0x0000020c        0x0 ../../..//mcu/libfitkit/build\libfitkit_f1xx.a(cmd_f1xx.o)
 .data          0x0000020c        0x0 C:\Program Files\mspgcc\bin\..\lib\gcc-lib\msp430\3.2.3\libgcc.a(__stop_progExec__.o)
 .data          0x0000020c        0x0 C:\Program Files\mspgcc\bin\..\lib\gcc-lib\msp430\3.2.3\libgcc.a(_mulsi3hw.o)
 .data          0x0000020c        0x0 C:\Program Files\mspgcc\bin\..\lib\gcc-lib\msp430\3.2.3\libgcc.a(_udivmodhi4.o)
 .data          0x0000020c        0x0 C:\Program Files\mspgcc\bin\..\lib\gcc-lib\msp430\3.2.3\libgcc.a(_divmodhi4.o)
 .data          0x0000020c        0x0 C:\Program Files\mspgcc\bin\..\lib\gcc-lib\msp430\3.2.3\libgcc.a(_udivmodsi4.o)
 .data          0x0000020c        0x0 C:\Program Files\mspgcc\bin\..\lib\gcc-lib\msp430\3.2.3\libgcc.a(_divmodsi4.o)
 .data          0x0000020c        0x0 C:\Program Files\mspgcc\bin\..\lib\gcc-lib\msp430\3.2.3\libgcc.a(_reset_vector__.o)
 .data          0x0000020c        0x0 C:\Program Files\mspgcc\bin\..\lib\gcc-lib\msp430\3.2.3\libgcc.a(__low_level_init.o)
 .data          0x0000020c        0x0 C:\Program Files\mspgcc\bin\..\lib\gcc-lib\msp430\3.2.3\libgcc.a(_copy_data.o)
 .data          0x0000020c        0x0 C:\Program Files\mspgcc\bin\..\lib\gcc-lib\msp430\3.2.3\libgcc.a(_clear_bss.o)
 .data          0x0000020c        0x0 C:\Program Files\mspgcc\bin\..\lib\gcc-lib\msp430\3.2.3\libgcc.a(__jump_to_main.o)
 .data          0x0000020c        0x1 C:\Program Files\mspgcc\bin\..\lib\gcc-lib\msp430\3.2.3\..\..\..\..\msp430\lib\libc.a(malloc.o)
 .data          0x0000020d        0x0 C:\Program Files\mspgcc\bin\..\lib\gcc-lib\msp430\3.2.3\..\..\..\..\msp430\lib\libc.a(sprintf.o)
 .data          0x0000020d        0x0 C:\Program Files\mspgcc\bin\..\lib\gcc-lib\msp430\3.2.3\..\..\..\..\msp430\lib\libc.a(vsprintf.o)
 *fill*         0x0000020d        0x1 00
 .data          0x0000020e        0x2 C:\Program Files\mspgcc\bin\..\lib\gcc-lib\msp430\3.2.3\..\..\..\..\msp430\lib\libc.a(vuprintf.o)
 .data          0x00000210        0x0 C:\Program Files\mspgcc\bin\..\lib\gcc-lib\msp430\3.2.3\..\..\..\..\msp430\lib\libc.a(memchr.o)
 .data          0x00000210        0x0 C:\Program Files\mspgcc\bin\..\lib\gcc-lib\msp430\3.2.3\..\..\..\..\msp430\lib\libc.a(isdigit.o)
 .data          0x00000210        0x0 C:\Program Files\mspgcc\bin\..\lib\gcc-lib\msp430\3.2.3\..\..\..\..\msp430\lib\libc.a(strlen.o)
 *(SORT(.data.*))
                0x00000210                . = ALIGN (0x2)
 *(.gnu.linkonce.d*)
                0x00000210                . = ALIGN (0x2)
                0x00000210                _edata = .
                0x0000a2a4                PROVIDE (__data_load_start, LOADADDR (.data))
                0x00000010                PROVIDE (__data_size, SIZEOF (.data))

.bootloader     0x00000c00        0x0
                0x00000c00                PROVIDE (__boot_start, .)
 *(.bootloader)
                0x00000c00                . = ALIGN (0x2)
 *(.bootloader.*)

.infomem        0x00001000        0x0
 *(.infomem)
                0x00001000                . = ALIGN (0x2)
 *(.infomem.*)

.infomemnobits  0x00001000        0x0
 *(.infomemnobits)
                0x00001000                . = ALIGN (0x2)
 *(.infomemnobits.*)

.bss            0x00000210      0x2c0
                0x00000210                PROVIDE (__bss_start, .)
 *(.bss)
 .bss           0x00000210        0x0 C:\Program Files\mspgcc\bin\..\lib\gcc-lib\msp430\3.2.3\..\..\..\..\msp430\lib\crt430x168.o
 .bss           0x00000210        0x0 build/mcu/keyboard_f1xx.o
 .bss           0x00000210        0x0 build/mcu/display_f1xx.o
 .bss           0x00000210        0x0 build/mcu/main_f1xx.o
 .bss           0x00000210        0x0 ../../..//mcu/libfitkit/build\libfitkit_f1xx.a(fitkitlib_f1xx.o)
 .bss           0x00000210        0x0 ../../..//mcu/libfitkit/build\libfitkit_f1xx.a(flash_f1xx.o)
 .bss           0x00000210        0x0 ../../..//mcu/libfitkit/build\libfitkit_f1xx.a(flash_fpga_f1xx.o)
 .bss           0x00000210        0x0 ../../..//mcu/libfitkit/build\libfitkit_f1xx.a(fpga_f1xx.o)
 .bss           0x00000210        0x0 ../../..//mcu/libfitkit/build\libfitkit_f1xx.a(globfun_f1xx.o)
 .bss           0x00000210        0x0 ../../..//mcu/libfitkit/build\libfitkit_f1xx.a(spi_f1xx.o)
 .bss           0x00000210        0x0 ../../..//mcu/libfitkit/build\libfitkit_f1xx.a(terminal_f1xx.o)
 .bss           0x00000210        0x0 ../../..//mcu/libfitkit/build\libfitkit_f1xx.a(timer_b_f1xx.o)
 .bss           0x00000210        0x0 ../../..//mcu/libfitkit/build\libfitkit_f1xx.a(uart_f1xx.o)
 .bss           0x00000210        0x0 ../../..//mcu/libfitkit/build\libfitkit_f1xx.a(filetransfer_f1xx.o)
 .bss           0x00000210        0x0 ../../..//mcu/libfitkit/build\libfitkit_f1xx.a(cmd_f1xx.o)
 .bss           0x00000210        0x0 C:\Program Files\mspgcc\bin\..\lib\gcc-lib\msp430\3.2.3\libgcc.a(__stop_progExec__.o)
 .bss           0x00000210        0x0 C:\Program Files\mspgcc\bin\..\lib\gcc-lib\msp430\3.2.3\libgcc.a(_mulsi3hw.o)
 .bss           0x00000210        0x0 C:\Program Files\mspgcc\bin\..\lib\gcc-lib\msp430\3.2.3\libgcc.a(_udivmodhi4.o)
 .bss           0x00000210        0x0 C:\Program Files\mspgcc\bin\..\lib\gcc-lib\msp430\3.2.3\libgcc.a(_divmodhi4.o)
 .bss           0x00000210        0x0 C:\Program Files\mspgcc\bin\..\lib\gcc-lib\msp430\3.2.3\libgcc.a(_udivmodsi4.o)
 .bss           0x00000210        0x0 C:\Program Files\mspgcc\bin\..\lib\gcc-lib\msp430\3.2.3\libgcc.a(_divmodsi4.o)
 .bss           0x00000210        0x0 C:\Program Files\mspgcc\bin\..\lib\gcc-lib\msp430\3.2.3\libgcc.a(_reset_vector__.o)
 .bss           0x00000210        0x0 C:\Program Files\mspgcc\bin\..\lib\gcc-lib\msp430\3.2.3\libgcc.a(__low_level_init.o)
 .bss           0x00000210        0x0 C:\Program Files\mspgcc\bin\..\lib\gcc-lib\msp430\3.2.3\libgcc.a(_copy_data.o)
 .bss           0x00000210        0x0 C:\Program Files\mspgcc\bin\..\lib\gcc-lib\msp430\3.2.3\libgcc.a(_clear_bss.o)
 .bss           0x00000210        0x0 C:\Program Files\mspgcc\bin\..\lib\gcc-lib\msp430\3.2.3\libgcc.a(__jump_to_main.o)
 .bss           0x00000210        0x0 C:\Program Files\mspgcc\bin\..\lib\gcc-lib\msp430\3.2.3\..\..\..\..\msp430\lib\libc.a(malloc.o)
 .bss           0x00000210        0x0 C:\Program Files\mspgcc\bin\..\lib\gcc-lib\msp430\3.2.3\..\..\..\..\msp430\lib\libc.a(sprintf.o)
 .bss           0x00000210        0x2 C:\Program Files\mspgcc\bin\..\lib\gcc-lib\msp430\3.2.3\..\..\..\..\msp430\lib\libc.a(vsprintf.o)
 .bss           0x00000212        0x2 C:\Program Files\mspgcc\bin\..\lib\gcc-lib\msp430\3.2.3\..\..\..\..\msp430\lib\libc.a(vuprintf.o)
 .bss           0x00000214        0x0 C:\Program Files\mspgcc\bin\..\lib\gcc-lib\msp430\3.2.3\..\..\..\..\msp430\lib\libc.a(memchr.o)
 .bss           0x00000214        0x0 C:\Program Files\mspgcc\bin\..\lib\gcc-lib\msp430\3.2.3\..\..\..\..\msp430\lib\libc.a(isdigit.o)
 .bss           0x00000214        0x0 C:\Program Files\mspgcc\bin\..\lib\gcc-lib\msp430\3.2.3\..\..\..\..\msp430\lib\libc.a(strlen.o)
 *(SORT(.bss.*))
 *(COMMON)
 COMMON         0x00000214       0x18 build/mcu/keyboard_f1xx.o
                0x00000214                index_buf
                0x00000216                keyboard_buffer
                0x0000022a                write_index_buf
                0x0000022b                chars_in_buf
 COMMON         0x0000022c        0x4 build/mcu/display_f1xx.o
                0x0000022c                lcd_shift_addr
                0x0000022e                lcd_cursor_addr
 COMMON         0x00000230      0x184 build/mcu/main_f1xx.o
                0x00000230                snake
                0x000002b0                last_ch
                0x000002b1                char_cnt
                0x000002b2                bit
                0x000002b4                head
                0x00000334                matrix
 COMMON         0x000003b4        0x6 ../../..//mcu/libfitkit/build\libfitkit_f1xx.a(flash_f1xx.o)
                0x000003b4                CountPage
                0x000003b6                TypeBufferFlash
                0x000003b8                AdrBufferFlash
 COMMON         0x000003ba        0x2 ../../..//mcu/libfitkit/build\libfitkit_f1xx.a(terminal_f1xx.o)
                0x000003ba                Cmd_Old
                0x000003bb                Cmd
 COMMON         0x000003bc       0xf1 ../../..//mcu/libfitkit/build\libfitkit_f1xx.a(uart_f1xx.o)
                0x000003bc                BreakFlag
                0x000003bd                TransmitNum
                0x000003be                ReceiveNum
                0x000003c0                ReceiveBuf
                0x00000440                ReceiveIndexRec
                0x00000442                TransmitBuf
                0x000004a6                ErrorFlag
                0x000004a8                ReceiveIndex
                0x000004aa                TransmitIndexSend
                0x000004ab                TransmitIndex
                0x000004ac                PomRS232
 *fill*         0x000004ad        0x1 00
 COMMON         0x000004ae        0x4 ../../..//mcu/libfitkit/build\libfitkit_f1xx.a(filetransfer_f1xx.o)
                0x000004ae                cb_fun
                0x000004b0                cb_buf
 COMMON         0x000004b2       0x1e ../../..//mcu/libfitkit/build\libfitkit_f1xx.a(cmd_f1xx.o)
                0x000004b2                CMD_Long
                0x000004b6                CMDStr
                0x000004cf                CMDStrLen
                0x000004d0                PROVIDE (__bss_end, .)
                0x000004d0                _end = .
                0x000002c0                PROVIDE (__bss_size, SIZEOF (.bss))

.noinit         0x000004d0        0x0
                0x000004d0                PROVIDE (__noinit_start, .)
 *(.noinit)
 *(.noinit.*)
 *(COMMON)
                0x000004d0                PROVIDE (__noinit_end, .)
                0x000004d0                _end = .

.vectors        0x0000ffe0       0x20
                0x0000ffe0                PROVIDE (__vectors_start, .)
 *(.vectors*)
 .vectors       0x0000ffe0       0x20 C:\Program Files\mspgcc\bin\..\lib\gcc-lib\msp430\3.2.3\..\..\..\..\msp430\lib\crt430x168.o
                0x0000ffe0                InterruptVectors
 *(.vectors*)
                0x00010000                _vectors_end = .

.profiler
 *(.profiler)

.stab           0x00000000     0x1dd0
 *(.stab)
 .stab          0x00000000       0xf0 C:\Program Files\mspgcc\bin\..\lib\gcc-lib\msp430\3.2.3\..\..\..\..\msp430\lib\crt430x168.o
 .stab          0x000000f0      0x624 C:\Program Files\mspgcc\bin\..\lib\gcc-lib\msp430\3.2.3\..\..\..\..\msp430\lib\libc.a(malloc.o)
                                0x630 (size before relaxing)
 .stab          0x00000714      0x24c C:\Program Files\mspgcc\bin\..\lib\gcc-lib\msp430\3.2.3\..\..\..\..\msp430\lib\libc.a(sprintf.o)
                                0x48c (size before relaxing)
 .stab          0x00000960      0x27c C:\Program Files\mspgcc\bin\..\lib\gcc-lib\msp430\3.2.3\..\..\..\..\msp430\lib\libc.a(vsprintf.o)
                                0x4ec (size before relaxing)
 .stab          0x00000bdc      0xc60 C:\Program Files\mspgcc\bin\..\lib\gcc-lib\msp430\3.2.3\..\..\..\..\msp430\lib\libc.a(vuprintf.o)
                                0xec4 (size before relaxing)
 .stab          0x0000183c      0x24c C:\Program Files\mspgcc\bin\..\lib\gcc-lib\msp430\3.2.3\..\..\..\..\msp430\lib\libc.a(memchr.o)
                                0x498 (size before relaxing)
 .stab          0x00001a88      0x168 C:\Program Files\mspgcc\bin\..\lib\gcc-lib\msp430\3.2.3\..\..\..\..\msp430\lib\libc.a(isdigit.o)
                                0x174 (size before relaxing)
 .stab          0x00001bf0      0x1e0 C:\Program Files\mspgcc\bin\..\lib\gcc-lib\msp430\3.2.3\..\..\..\..\msp430\lib\libc.a(strlen.o)
                                0x42c (size before relaxing)

.stabstr        0x00000000      0xdc0
 *(.stabstr)
 .stabstr       0x00000000      0xdc0 C:\Program Files\mspgcc\bin\..\lib\gcc-lib\msp430\3.2.3\..\..\..\..\msp430\lib\crt430x168.o

.stab.excl
 *(.stab.excl)

.stab.exclstr
 *(.stab.exclstr)

.stab.index
 *(.stab.index)

.stab.indexstr
 *(.stab.indexstr)

.comment
 *(.comment)

.debug
 *(.debug)

.line
 *(.line)

.debug_srcinfo
 *(.debug_srcinfo)

.debug_sfnames
 *(.debug_sfnames)

.debug_aranges
 *(.debug_aranges)

.debug_pubnames
 *(.debug_pubnames)

.debug_info
 *(.debug_info)
 *(.gnu.linkonce.wi.*)

.debug_abbrev
 *(.debug_abbrev)

.debug_line
 *(.debug_line)

.debug_frame
 *(.debug_frame)

.debug_str
 *(.debug_str)

.debug_loc
 *(.debug_loc)

.debug_macinfo
 *(.debug_macinfo)
                0x00000a00                PROVIDE (__stack, 0xa00)
                0x0000a2a4                PROVIDE (__data_start_rom, _etext)
                0x0000a2b4                PROVIDE (__data_end_rom, (_etext + SIZEOF (.data)))
                0x0000a2b4                PROVIDE (__noinit_start_rom, (_etext + SIZEOF (.data)))
                0x0000a2b4                PROVIDE (__noinit_end_rom, ((_etext + SIZEOF (.data)) + SIZEOF (.noinit)))
                0x00000000                PROVIDE (__subdevice_has_heap, 0x0)
OUTPUT(build/kblcd_f1xx.elf elf32-msp430)
